$ bash .redteam/scripts/verify.sh
=== ruff check ===
All checks passed!
=== ruff format check ===
64 files already formatted
=== pytest ===
============================= test session starts ==============================
platform darwin -- Python 3.12.8, pytest-9.1.1, pluggy-1.6.0
rootdir: /Users/kh/Documents/redteam
configfile: pyproject.toml
collected 415 items

.redteam/tests/test_adversarial_pairing_guard.py ...........             [  2%]
.redteam/tests/test_agent_pair_rescue_phase_order.py ...                 [  3%]
.redteam/tests/test_agent_tool_keys.py ...                               [  4%]
.redteam/tests/test_agents_generic_prompts.py ........                   [  6%]
.redteam/tests/test_ask_user_approve_snapshot.py ..                      [  6%]
.redteam/tests/test_base_branch_pin.py .......                           [  8%]
.redteam/tests/test_branch_switch_stash.py ......                        [  9%]
.redteam/tests/test_claude_reviewer_adapter.py ..........                [ 12%]
.redteam/tests/test_codex_main_wiring.py ....                            [ 13%]
.redteam/tests/test_config.py .............                              [ 16%]
.redteam/tests/test_config_cli.py ....................                   [ 20%]
.redteam/tests/test_create_pr_preflight.py ........                      [ 22%]
.redteam/tests/test_engine_loader.py ..                                  [ 23%]
.redteam/tests/test_gateless_default_common_path.py .......              [ 25%]
.redteam/tests/test_goal_ceilings_enforcement.py ....................... [ 30%]
............                                                             [ 33%]
.redteam/tests/test_goal_dag_scheduler.py ............                   [ 36%]
.redteam/tests/test_goal_done_criterion.py ............................. [ 43%]
.                                                                        [ 43%]
.redteam/tests/test_goal_manifest_validation.py ...........              [ 46%]
.redteam/tests/test_goal_stacked_branching.py ..........                 [ 48%]
.redteam/tests/test_implementer_commit.py .............                  [ 51%]
.redteam/tests/test_install.py .......................                   [ 57%]
.redteam/tests/test_mode_aware_prompts.py ....                           [ 58%]
.redteam/tests/test_new_task.py ......                                   [ 59%]
.redteam/tests/test_orchestrator_config.py ......                        [ 61%]
.redteam/tests/test_pinned_base_freeze_guard.py ........                 [ 63%]
.redteam/tests/test_pipeline_mode.py .......                             [ 64%]
.redteam/tests/test_plugin_packaging.py .......                          [ 66%]
.redteam/tests/test_pr_branch.py ..                                      [ 66%]
.redteam/tests/test_preimplement_snapshot_invariant.py .....             [ 68%]
.redteam/tests/test_progress_surface.py .....                            [ 69%]
.redteam/tests/test_rescue_at_two_failures.py .                          [ 69%]
.redteam/tests/test_rescue_loop_bounded.py ...                           [ 70%]
.redteam/tests/test_review_command.py ........                           [ 72%]
.redteam/tests/test_review_output_validity_mandate.py ...                [ 73%]
.redteam/tests/test_review_round_archive.py ...                          [ 73%]
.redteam/tests/test_reviewer_adapter.py ............................     [ 80%]
.redteam/tests/test_reviewer_fallback.py ...............                 [ 84%]
.redteam/tests/test_run_claude_model.py ............                     [ 86%]
.redteam/tests/test_state_bootstrap.py .....                             [ 88%]
.redteam/tests/test_tdd_approved_review_routes_to_create_pr.py .         [ 88%]
.redteam/tests/test_tdd_commit_discipline.py ...........                 [ 91%]
.redteam/tests/test_tier_routing_config.py ................              [ 94%]
.redteam/tests/test_tier_routing_orchestrator.py .........               [ 97%]
.redteam/tests/test_verify_command_config.py ............                [100%]

============================= 415 passed in 9.71s ==============================
✅ verify.sh OK

[exit 0]

