$ bash .redteam/scripts/verify.sh
=== ruff check ===
All checks passed!
=== ruff format check ===
66 files already formatted
=== pytest ===
============================= test session starts ==============================
platform darwin -- Python 3.12.8, pytest-9.1.1, pluggy-1.6.0
rootdir: /Users/kh/Documents/redteam
configfile: pyproject.toml
collected 443 items

.redteam/tests/test_adversarial_pairing_guard.py ...........             [  2%]
.redteam/tests/test_agent_pair_rescue_phase_order.py ...                 [  3%]
.redteam/tests/test_agent_tool_keys.py ...                               [  3%]
.redteam/tests/test_agents_generic_prompts.py ........                   [  5%]
.redteam/tests/test_ask_user_approve_snapshot.py ..                      [  6%]
.redteam/tests/test_base_branch_pin.py .......                           [  7%]
.redteam/tests/test_branch_switch_stash.py ......                        [  9%]
.redteam/tests/test_claude_reviewer_adapter.py ..........                [ 11%]
.redteam/tests/test_codex_main_wiring.py ....                            [ 12%]
.redteam/tests/test_config.py .............                              [ 15%]
.redteam/tests/test_config_cli.py ....................                   [ 19%]
.redteam/tests/test_create_pr_preflight.py ........                      [ 21%]
.redteam/tests/test_engine_loader.py ..                                  [ 21%]
.redteam/tests/test_gateless_default_common_path.py .......              [ 23%]
.redteam/tests/test_goal_ceilings_enforcement.py ....................... [ 28%]
............                                                             [ 31%]
.redteam/tests/test_goal_dag_scheduler.py ............                   [ 34%]
.redteam/tests/test_goal_decomposer.py ............................      [ 40%]
.redteam/tests/test_goal_done_criterion.py ............................. [ 46%]
.                                                                        [ 47%]
.redteam/tests/test_goal_manifest_validation.py ...........              [ 49%]
.redteam/tests/test_goal_stacked_branching.py ..........                 [ 51%]
.redteam/tests/test_implementer_commit.py .............                  [ 54%]
.redteam/tests/test_install.py .......................                   [ 60%]
.redteam/tests/test_mode_aware_prompts.py ....                           [ 60%]
.redteam/tests/test_new_task.py ......                                   [ 62%]
.redteam/tests/test_orchestrator_config.py ......                        [ 63%]
.redteam/tests/test_pinned_base_freeze_guard.py ........                 [ 65%]
.redteam/tests/test_pipeline_mode.py .......                             [ 67%]
.redteam/tests/test_plugin_packaging.py .......                          [ 68%]
.redteam/tests/test_pr_branch.py ..                                      [ 69%]
.redteam/tests/test_preimplement_snapshot_invariant.py .....             [ 70%]
.redteam/tests/test_progress_surface.py .....                            [ 71%]
.redteam/tests/test_rescue_at_two_failures.py .                          [ 71%]
.redteam/tests/test_rescue_loop_bounded.py ...                           [ 72%]
.redteam/tests/test_review_command.py ........                           [ 74%]
.redteam/tests/test_review_output_validity_mandate.py ...                [ 74%]
.redteam/tests/test_review_round_archive.py ...                          [ 75%]
.redteam/tests/test_reviewer_adapter.py ............................     [ 81%]
.redteam/tests/test_reviewer_fallback.py ...............                 [ 85%]
.redteam/tests/test_run_claude_model.py ............                     [ 87%]
.redteam/tests/test_state_bootstrap.py .....                             [ 88%]
.redteam/tests/test_tdd_approved_review_routes_to_create_pr.py .         [ 89%]
.redteam/tests/test_tdd_commit_discipline.py ...........                 [ 91%]
.redteam/tests/test_tier_routing_config.py ................              [ 95%]
.redteam/tests/test_tier_routing_orchestrator.py .........               [ 97%]
.redteam/tests/test_verify_command_config.py ............                [100%]

============================= 443 passed in 10.46s =============================
✅ verify.sh OK

[exit 0]

$ pytest .redteam/tests/test_goal_decomposer.py -q
............................                                             [100%]
28 passed in 0.21s

[exit 0]

$ pytest .redteam/tests/test_goal_manifest_validation.py .redteam/tests/test_goal_dag_scheduler.py .redteam/tests/test_goal_ceilings_enforcement.py .redteam/tests/test_goal_done_criterion.py .redteam/tests/test_goal_stacked_branching.py -q
........................................................................ [ 73%]
..........................                                               [100%]
98 passed in 0.98s

[exit 0]

$ pytest .redteam/tests/test_agents_generic_prompts.py .redteam/tests/test_install.py .redteam/tests/test_plugin_packaging.py .redteam/tests/test_agent_tool_keys.py -q
.........................................                                [100%]
41 passed in 2.22s

[exit 0]

$ ruff check .redteam/
All checks passed!

[exit 0]

$ ruff format --check .redteam/
66 files already formatted

[exit 0]

