$ bash .redteam/scripts/verify.sh
=== ruff check ===
All checks passed!
=== ruff format check ===
72 files already formatted
=== pytest ===
============================= test session starts ==============================
platform darwin -- Python 3.12.8, pytest-9.1.1, pluggy-1.6.0
rootdir: /Users/kh/Documents/redteam
configfile: pyproject.toml
collected 540 items

.redteam/tests/test_adversarial_pairing_guard.py ...........             [  2%]
.redteam/tests/test_agent_pair_rescue_phase_order.py ...                 [  2%]
.redteam/tests/test_agent_tool_keys.py ...                               [  3%]
.redteam/tests/test_agents_generic_prompts.py ........                   [  4%]
.redteam/tests/test_ask_user_approve_snapshot.py ..                      [  5%]
.redteam/tests/test_base_branch_pin.py .......                           [  6%]
.redteam/tests/test_baseline_trust_root_cross_run.py ................... [  9%]
.                                                                        [ 10%]
.redteam/tests/test_branch_switch_stash.py ......                        [ 11%]
.redteam/tests/test_claude_reviewer_adapter.py ..........                [ 12%]
.redteam/tests/test_codex_main_wiring.py ....                            [ 13%]
.redteam/tests/test_config.py .............                              [ 16%]
.redteam/tests/test_config_cli.py ....................                   [ 19%]
.redteam/tests/test_create_pr_preflight.py ........                      [ 21%]
.redteam/tests/test_engine_loader.py ..                                  [ 21%]
.redteam/tests/test_gateless_default_common_path.py .......              [ 22%]
.redteam/tests/test_goal_ceilings_enforcement.py ....................... [ 27%]
............                                                             [ 29%]
.redteam/tests/test_goal_dag_scheduler.py ............                   [ 31%]
.redteam/tests/test_goal_decomposer.py ................................  [ 37%]
.redteam/tests/test_goal_done_criterion.py ............................. [ 42%]
.                                                                        [ 43%]
.redteam/tests/test_goal_manifest_validation.py ...........              [ 45%]
.redteam/tests/test_goal_mode_e2e.py ....                                [ 45%]
.redteam/tests/test_goal_stacked_branching.py ..........                 [ 47%]
.redteam/tests/test_implement_untracked_baseline_pin.py ................ [ 50%]
.....                                                                    [ 51%]
.redteam/tests/test_implementer_commit.py .............                  [ 54%]
.redteam/tests/test_install.py .......................                   [ 58%]
.redteam/tests/test_mode_aware_prompts.py ....                           [ 59%]
.redteam/tests/test_new_task.py ......                                   [ 60%]
.redteam/tests/test_orchestrator_config.py ......                        [ 61%]
.redteam/tests/test_pinned_base_freeze_guard.py ........                 [ 62%]
.redteam/tests/test_pipeline_mode.py .......                             [ 64%]
.redteam/tests/test_plugin_packaging.py .......                          [ 65%]
.redteam/tests/test_pr_branch.py ..                                      [ 65%]
.redteam/tests/test_preimplement_snapshot_invariant.py .....             [ 66%]
.redteam/tests/test_progress_surface.py .....                            [ 67%]
.redteam/tests/test_rescue_at_two_failures.py .                          [ 67%]
.redteam/tests/test_rescue_loop_bounded.py ...                           [ 68%]
.redteam/tests/test_review_code_narrow_context.py .................      [ 71%]
.redteam/tests/test_review_command.py ........                           [ 72%]
.redteam/tests/test_review_output_validity_mandate.py ...                [ 73%]
.redteam/tests/test_review_round_archive.py ...                          [ 74%]
.redteam/tests/test_reviewer_adapter.py ............................     [ 79%]
.redteam/tests/test_reviewer_fallback.py ...............                 [ 82%]
.redteam/tests/test_run_claude_model.py ............                     [ 84%]
.redteam/tests/test_run_claude_timeout.py ........                       [ 85%]
.redteam/tests/test_state_bootstrap.py .....                             [ 86%]
.redteam/tests/test_tdd_approved_review_routes_to_create_pr.py .         [ 86%]
.redteam/tests/test_tdd_commit_discipline.py ...........                 [ 88%]
.redteam/tests/test_tier_routing_config.py ................              [ 91%]
.redteam/tests/test_tier_routing_orchestrator.py .........               [ 93%]
.redteam/tests/test_tracked_baseline_attribution.py .................... [ 97%]
...                                                                      [ 97%]
.redteam/tests/test_verify_command_config.py ............                [100%]

============================= 540 passed in 49.21s =============================
✅ verify.sh OK

[exit 0]

