$ bash .redteam/scripts/verify.sh
=== ruff check ===
All checks passed!
=== ruff format check ===
82 files already formatted
=== pytest ===
============================= test session starts ==============================
platform darwin -- Python 3.12.8, pytest-9.1.1, pluggy-1.6.0
rootdir: /Users/kh/Documents/redteam
configfile: pyproject.toml
collected 819 items

.redteam/tests/test_adversarial_pairing_guard.py ...........             [  1%]
.redteam/tests/test_agent_pair_rescue_phase_order.py ...                 [  1%]
.redteam/tests/test_agent_tool_keys.py ...                               [  2%]
.redteam/tests/test_agents_generic_prompts.py .........                  [  3%]
.redteam/tests/test_ask_user_approve_snapshot.py ..                      [  3%]
.redteam/tests/test_base_branch_pin.py .......                           [  4%]
.redteam/tests/test_baseline_trust_root_cross_run.py ................... [  6%]
.                                                                        [  6%]
.redteam/tests/test_benchmark_config_and_store.py ...................... [  9%]
...............                                                          [ 11%]
.redteam/tests/test_benchmark_runner.py ............................     [ 14%]
.redteam/tests/test_branch_switch_stash.py ......                        [ 15%]
.redteam/tests/test_claude_reviewer_adapter.py ..........                [ 16%]
.redteam/tests/test_codex_main_wiring.py ....                            [ 17%]
.redteam/tests/test_config.py .............                              [ 18%]
.redteam/tests/test_config_cli.py ....................                   [ 21%]
.redteam/tests/test_create_pr_preflight.py ........                      [ 22%]
.redteam/tests/test_engine_loader.py ..                                  [ 22%]
.redteam/tests/test_floor_decompose_and_sibling_exemptions.py .......... [ 23%]
........                                                                 [ 24%]
.redteam/tests/test_floor_plan_affected_files_exemption.py ............. [ 26%]
.......................                                                  [ 28%]
.redteam/tests/test_gateless_default_common_path.py .......              [ 29%]
.redteam/tests/test_goal_ceilings_enforcement.py ....................... [ 32%]
............                                                             [ 34%]
.redteam/tests/test_goal_dag_scheduler.py ............                   [ 35%]
.redteam/tests/test_goal_decomposer.py ................................  [ 39%]
.redteam/tests/test_goal_done_criterion.py ............................. [ 42%]
.                                                                        [ 43%]
.redteam/tests/test_goal_manifest_validation.py ...........              [ 44%]
.redteam/tests/test_goal_mode_e2e.py .......                             [ 45%]
.redteam/tests/test_goal_stacked_branching.py ..........                 [ 46%]
.redteam/tests/test_implement_untracked_baseline_pin.py ................ [ 48%]
.....                                                                    [ 49%]
.redteam/tests/test_implementer_commit.py .............                  [ 50%]
.redteam/tests/test_install.py .......................                   [ 53%]
.redteam/tests/test_mode_aware_prompts.py ....                           [ 53%]
.redteam/tests/test_new_task.py ......                                   [ 54%]
.redteam/tests/test_orchestrator_config.py ......                        [ 55%]
.redteam/tests/test_phase_telemetry.py ..................                [ 57%]
.redteam/tests/test_pinned_base_freeze_guard.py ........                 [ 58%]
.redteam/tests/test_pipeline_mode.py .......                             [ 59%]
.redteam/tests/test_plugin_packaging.py .......                          [ 60%]
.redteam/tests/test_pr_branch.py ..                                      [ 60%]
.redteam/tests/test_preimplement_snapshot_invariant.py .....             [ 61%]
.redteam/tests/test_progress_surface.py .....                            [ 61%]
.redteam/tests/test_rescue_at_two_failures.py .                          [ 61%]
.redteam/tests/test_rescue_loop_bounded.py ...                           [ 62%]
.redteam/tests/test_review_code_hard_ceilings.py ....................... [ 65%]
................................                                         [ 68%]
.redteam/tests/test_review_code_narrow_context.py .................      [ 71%]
.redteam/tests/test_review_code_staged_reviewer.py ..................... [ 73%]
.............................                                            [ 77%]
.redteam/tests/test_review_command.py ........                           [ 78%]
.redteam/tests/test_review_output_validity_mandate.py ....               [ 78%]
.redteam/tests/test_review_round_archive.py ...                          [ 78%]
.redteam/tests/test_reviewer_adapter.py ............................     [ 82%]
.redteam/tests/test_reviewer_fallback.py ...............                 [ 84%]
.redteam/tests/test_run_claude_model.py ............                     [ 85%]
.redteam/tests/test_run_claude_timeout.py ........                       [ 86%]
.redteam/tests/test_sibling_task_floor_exemption.py .................... [ 89%]
                                                                         [ 89%]
.redteam/tests/test_state_bootstrap.py .....                             [ 89%]
.redteam/tests/test_status_json.py ............                          [ 91%]
.redteam/tests/test_tdd_approved_review_routes_to_create_pr.py .         [ 91%]
.redteam/tests/test_tdd_commit_discipline.py ...........                 [ 92%]
.redteam/tests/test_tier_routing_config.py ................              [ 94%]
.redteam/tests/test_tier_routing_orchestrator.py .........               [ 95%]
.redteam/tests/test_tracked_baseline_attribution.py .................... [ 98%]
...                                                                      [ 98%]
.redteam/tests/test_verify_command_config.py ............                [100%]

======================= 819 passed in 168.73s (0:02:48) ========================
✅ verify.sh OK

[exit 0]

